<?xml version='1.0' encoding='UTF-8'?>
<caom2:Observation xmlns:caom2="http://www.opencadc.org/caom2/xml/v2.4" xmlns:xsi="http://www.w3.org/2001/XMLSchema-instance" xsi:type="caom2:DerivedObservation" caom2:id="f3a73711-e32e-4a85-b0b0-1cf6e6b2177e">
  <caom2:collection>JCMTSL</caom2:collection>
  <caom2:observationID>scuba_E_9d7_0d1_850um</caom2:observationID>
  <caom2:metaRelease>2000-01-01T12:00:00.000</caom2:metaRelease>
  <caom2:algorithm>
    <caom2:name>mapfits</caom2:name>
  </caom2:algorithm>
  <caom2:intent>science</caom2:intent>
  <caom2:target>
    <caom2:name>9d7_0d1</caom2:name>
    <caom2:type>field</caom2:type>
  </caom2:target>
  <caom2:telescope>
    <caom2:name>JCMT</caom2:name>
    <caom2:geoLocationX>-5461075.78</caom2:geoLocationX>
    <caom2:geoLocationY>-2491090.15</caom2:geoLocationY>
    <caom2:geoLocationZ>2149569.763</caom2:geoLocationZ>
  </caom2:telescope>
  <caom2:instrument>
    <caom2:name>SCUBA</caom2:name>
  </caom2:instrument>
  <caom2:planes>
    <caom2:plane caom2:id="45a27b1b-c3a0-4374-816f-95f2530f113e">
      <caom2:productID>scuba_E_9d7_0d1_850um.emi</caom2:productID>
      <caom2:metaRelease>2000-01-01T12:00:00.000</caom2:metaRelease>
      <caom2:dataRelease>2000-01-01T12:00:00.000</caom2:dataRelease>
      <caom2:dataProductType>image</caom2:dataProductType>
      <caom2:calibrationLevel>4</caom2:calibrationLevel>
      <caom2:provenance>
        <caom2:name>JCMTSL</caom2:name>
        <caom2:version>1.1 04-Oct-01</caom2:version>
        <caom2:producer>Miriad Fits</caom2:producer>
        <caom2:reference>https://www.cadc-ccda.hia-iha.nrc-cnrc.gc.ca/en/community/scubalegacy/</caom2:reference>
        <caom2:lastExecuted>2007-05-29T13:09:36.000</caom2:lastExecuted>
      </caom2:provenance>
      <caom2:artifacts>
        <caom2:artifact caom2:id="2a3c263d-a07e-44af-9782-864a87753e1b">
          <caom2:uri>cadc:JCMTSL/scuba_E_9d7_0d1_850um.emi.fits</caom2:uri>
          <caom2:productType>science</caom2:productType>
          <caom2:releaseType>data</caom2:releaseType>
          <caom2:contentType>application/fits</caom2:contentType>
          <caom2:contentLength>4116</caom2:contentLength>
          <caom2:contentChecksum>md5:e210ef3f07239602f94e7406102bb3bd</caom2:contentChecksum>
          <caom2:parts>
            <caom2:part caom2:id="9e937a57-eb38-42a4-8881-43ea4a75d40a">
              <caom2:name>0</caom2:name>
              <caom2:chunks>
                <caom2:chunk caom2:id="01967bb4-be5e-4566-90a3-c6d526be8120">
                  <caom2:naxis>2</caom2:naxis>
                  <caom2:positionAxis1>1</caom2:positionAxis1>
                  <caom2:positionAxis2>2</caom2:positionAxis2>
                  <caom2:position>
                    <caom2:axis>
                      <caom2:axis1>
                        <caom2:ctype>RA---TAN</caom2:ctype>
                        <caom2:cunit>deg</caom2:cunit>
                      </caom2:axis1>
                      <caom2:axis2>
                        <caom2:ctype>DEC--TAN</caom2:ctype>
                        <caom2:cunit>deg</caom2:cunit>
                      </caom2:axis2>
                      <caom2:function>
                        <caom2:dimension>
                          <caom2:naxis1>720</caom2:naxis1>
                          <caom2:naxis2>720</caom2:naxis2>
                        </caom2:dimension>
                        <caom2:refCoord>
                          <caom2:coord1>
                            <caom2:pix>360.5</caom2:pix>
                            <caom2:val>271.535001097</caom2:val>
                          </caom2:coord1>
                          <caom2:coord2>
                            <caom2:pix>360.5</caom2:pix>
                            <caom2:val>-20.5000000149</caom2:val>
                          </caom2:coord2>
                        </caom2:refCoord>
                        <caom2:cd11>-0.0016666666777</caom2:cd11>
                        <caom2:cd12>0.0</caom2:cd12>
                        <caom2:cd21>0.0</caom2:cd21>
                        <caom2:cd22>0.0016666666777</caom2:cd22>
                      </caom2:function>
                    </caom2:axis>
                    <caom2:coordsys>FK5</caom2:coordsys>
                    <caom2:equinox>2000.0</caom2:equinox>
                    <caom2:resolution>6.0</caom2:resolution>
                  </caom2:position>
                  <caom2:energy>
                    <caom2:axis>
                      <caom2:axis>
                        <caom2:ctype>WAVE</caom2:ctype>
                        <caom2:cunit>um</caom2:cunit>
                      </caom2:axis>
                      <caom2:range>
                        <caom2:start>
                          <caom2:pix>0.5</caom2:pix>
                          <caom2:val>840.5</caom2:val>
                        </caom2:start>
                        <caom2:end>
                          <caom2:pix>1.5</caom2:pix>
                          <caom2:val>859.5</caom2:val>
                        </caom2:end>
                      </caom2:range>
                    </caom2:axis>
                    <caom2:specsys>BARYCENT</caom2:specsys>
                    <caom2:ssysobs>TOPOCENT</caom2:ssysobs>
                    <caom2:ssyssrc>TOPOCENT</caom2:ssyssrc>
                    <caom2:bandpassName>850um</caom2:bandpassName>
                  </caom2:energy>
                </caom2:chunk>
              </caom2:chunks>
            </caom2:part>
          </caom2:parts>
        </caom2:artifact>
      </caom2:artifacts>
    </caom2:plane>
  </caom2:planes>
</caom2:Observation>
