<?xml version='1.0' encoding='UTF-8'?>
<caom2:Observation xmlns:caom2="http://www.opencadc.org/caom2/xml/v2.4" xmlns:xsi="http://www.w3.org/2001/XMLSchema-instance" xsi:type="caom2:DerivedObservation" caom2:id="de7d65dc-c832-44b2-ad05-28f1142ceb30">
  <caom2:collection>JCMTSL</caom2:collection>
  <caom2:observationID>scuba_E_0d0_4d5_850um</caom2:observationID>
  <caom2:algorithm>
    <caom2:name>mapfits</caom2:name>
  </caom2:algorithm>
  <caom2:planes>
    <caom2:plane caom2:id="5cb8ba65-831d-44d3-ab11-ed4650457dab">
      <caom2:productID>scuba_E_0d0_4d5_850um.cov</caom2:productID>
      <caom2:dataProductType>image</caom2:dataProductType>
      <caom2:calibrationLevel>4</caom2:calibrationLevel>
      <caom2:artifacts>
        <caom2:artifact caom2:id="75a86d70-a83a-4b1d-b34c-48af2737ad4a">
          <caom2:uri>cadc:JCMTSL/scuba_E_0d0_4d5_850um.cov.fits</caom2:uri>
          <caom2:productType>weight</caom2:productType>
          <caom2:releaseType>data</caom2:releaseType>
          <caom2:contentType>application/fits</caom2:contentType>
          <caom2:contentLength>1928</caom2:contentLength>
          <caom2:contentChecksum>md5:833cc227173caf217fbcb6cb956e643b</caom2:contentChecksum>
          <caom2:parts/>
        </caom2:artifact>
      </caom2:artifacts>
    </caom2:plane>
  </caom2:planes>
</caom2:Observation>
