<?xml version='1.0' encoding='UTF-8'?>
<caom2:Observation xmlns:caom2="http://www.opencadc.org/caom2/xml/v2.4" xmlns:xsi="http://www.w3.org/2001/XMLSchema-instance" xsi:type="caom2:DerivedObservation" caom2:id="28d05926-1094-49a2-878a-40526659e73f">
  <caom2:collection>JCMTSL</caom2:collection>
  <caom2:observationID>scuba_E_117d7_55d4_850um</caom2:observationID>
  <caom2:algorithm>
    <caom2:name>mapfits</caom2:name>
  </caom2:algorithm>
  <caom2:planes>
    <caom2:plane caom2:id="339acc06-490b-45c3-9cfd-53f2a96cf2bc">
      <caom2:productID>scuba_E_117d7_55d4_850um.cov</caom2:productID>
      <caom2:dataProductType>image</caom2:dataProductType>
      <caom2:calibrationLevel>4</caom2:calibrationLevel>
      <caom2:artifacts>
        <caom2:artifact caom2:id="2eef7098-c6ba-4533-a079-c69e9c0038c9">
          <caom2:uri>cadc:JCMTSL/scuba_E_117d7_55d4_850um.cov.fits</caom2:uri>
          <caom2:productType>weight</caom2:productType>
          <caom2:releaseType>data</caom2:releaseType>
          <caom2:contentType>application/fits</caom2:contentType>
          <caom2:contentLength>1931</caom2:contentLength>
          <caom2:contentChecksum>md5:b0608200485a5660e4371f7a566074b8</caom2:contentChecksum>
          <caom2:parts/>
        </caom2:artifact>
      </caom2:artifacts>
    </caom2:plane>
  </caom2:planes>
</caom2:Observation>
