<?xml version='1.0' encoding='UTF-8'?>
<caom2:Observation xmlns:caom2="http://www.opencadc.org/caom2/xml/v2.4" xmlns:xsi="http://www.w3.org/2001/XMLSchema-instance" xsi:type="caom2:DerivedObservation" caom2:id="80c62caa-8521-4341-a124-8b9e3fa8d559" caom2:metaProducer="jcmtsl2caom2/0.1.0">
  <caom2:collection>JCMTSL</caom2:collection>
  <caom2:observationID>scuba_F_9d7_0d1_850um</caom2:observationID>
  <caom2:metaRelease>2000-01-01T12:00:00.000</caom2:metaRelease>
  <caom2:algorithm>
    <caom2:name>mapfits</caom2:name>
  </caom2:algorithm>
  <caom2:intent>science</caom2:intent>
  <caom2:target>
    <caom2:name>9d7_0d1</caom2:name>
    <caom2:type>field</caom2:type>
  </caom2:target>
  <caom2:telescope>
    <caom2:name>JCMT</caom2:name>
    <caom2:geoLocationX>-5461075.78</caom2:geoLocationX>
    <caom2:geoLocationY>-2491090.15</caom2:geoLocationY>
    <caom2:geoLocationZ>2149569.763</caom2:geoLocationZ>
  </caom2:telescope>
  <caom2:instrument>
    <caom2:name>SCUBA</caom2:name>
  </caom2:instrument>
  <caom2:planes>
    <caom2:plane caom2:id="f1ebc530-8584-4501-be43-eeff3c3b6c6e" caom2:metaProducer="jcmtsl2caom2/0.1.0">
      <caom2:productID>scuba_F_9d7_0d1_850um.emi</caom2:productID>
      <caom2:metaRelease>2000-01-01T12:00:00.000</caom2:metaRelease>
      <caom2:dataRelease>2000-01-01T12:00:00.000</caom2:dataRelease>
      <caom2:dataProductType>image</caom2:dataProductType>
      <caom2:calibrationLevel>4</caom2:calibrationLevel>
      <caom2:provenance>
        <caom2:name>JCMTSL</caom2:name>
        <caom2:version>1.1 04-Oct-01</caom2:version>
        <caom2:producer>Miriad Fits</caom2:producer>
        <caom2:reference>https://www.cadc-ccda.hia-iha.nrc-cnrc.gc.ca/en/community/scubalegacy/</caom2:reference>
        <caom2:lastExecuted>2007-05-29T11:33:22.000</caom2:lastExecuted>
      </caom2:provenance>
      <caom2:artifacts>
        <caom2:artifact caom2:id="88532245-2a6c-4e10-83a8-a1813bc0ffa2" caom2:metaProducer="jcmtsl2caom2/0.1.0">
          <caom2:uri>cadc:JCMTSL/scuba_F_9d7_0d1_850um.emi.fits</caom2:uri>
          <caom2:productType>science</caom2:productType>
          <caom2:releaseType>data</caom2:releaseType>
          <caom2:contentType>application/fits</caom2:contentType>
          <caom2:contentLength>4119</caom2:contentLength>
          <caom2:contentChecksum>md5:100aad9801886baf6b8c5e1171eb3e28</caom2:contentChecksum>
          <caom2:parts>
            <caom2:part caom2:id="72495aef-e3d5-4f80-81a4-77bd5a72aa8e">
              <caom2:name>0</caom2:name>
              <caom2:chunks>
                <caom2:chunk caom2:id="1afc2d57-ebb9-448a-b01c-1dd094dd9eba" caom2:metaProducer="jcmtsl2caom2/0.1.0">
                  <caom2:naxis>2</caom2:naxis>
                  <caom2:positionAxis1>1</caom2:positionAxis1>
                  <caom2:positionAxis2>2</caom2:positionAxis2>
                  <caom2:position>
                    <caom2:axis>
                      <caom2:axis1>
                        <caom2:ctype>RA---TAN</caom2:ctype>
                        <caom2:cunit>deg</caom2:cunit>
                      </caom2:axis1>
                      <caom2:axis2>
                        <caom2:ctype>DEC--TAN</caom2:ctype>
                        <caom2:cunit>deg</caom2:cunit>
                      </caom2:axis2>
                      <caom2:function>
                        <caom2:dimension>
                          <caom2:naxis1>720</caom2:naxis1>
                          <caom2:naxis2>720</caom2:naxis2>
                        </caom2:dimension>
                        <caom2:refCoord>
                          <caom2:coord1>
                            <caom2:pix>360.5</caom2:pix>
                            <caom2:val>271.535001097</caom2:val>
                          </caom2:coord1>
                          <caom2:coord2>
                            <caom2:pix>360.5</caom2:pix>
                            <caom2:val>-20.5000000149</caom2:val>
                          </caom2:coord2>
                        </caom2:refCoord>
                        <caom2:cd11>-0.0016666666777</caom2:cd11>
                        <caom2:cd12>0.0</caom2:cd12>
                        <caom2:cd21>0.0</caom2:cd21>
                        <caom2:cd22>0.0016666666777</caom2:cd22>
                      </caom2:function>
                    </caom2:axis>
                    <caom2:coordsys>FK5</caom2:coordsys>
                    <caom2:equinox>2000.0</caom2:equinox>
                    <caom2:resolution>6.0</caom2:resolution>
                  </caom2:position>
                  <caom2:energy>
                    <caom2:axis>
                      <caom2:axis>
                        <caom2:ctype>WAVE</caom2:ctype>
                        <caom2:cunit>um</caom2:cunit>
                      </caom2:axis>
                      <caom2:range>
                        <caom2:start>
                          <caom2:pix>0.5</caom2:pix>
                          <caom2:val>840.5</caom2:val>
                        </caom2:start>
                        <caom2:end>
                          <caom2:pix>1.5</caom2:pix>
                          <caom2:val>859.5</caom2:val>
                        </caom2:end>
                      </caom2:range>
                    </caom2:axis>
                    <caom2:specsys>BARYCENT</caom2:specsys>
                    <caom2:ssysobs>TOPOCENT</caom2:ssysobs>
                    <caom2:ssyssrc>TOPOCENT</caom2:ssyssrc>
                    <caom2:bandpassName>850um</caom2:bandpassName>
                  </caom2:energy>
                </caom2:chunk>
              </caom2:chunks>
            </caom2:part>
          </caom2:parts>
        </caom2:artifact>
      </caom2:artifacts>
    </caom2:plane>
    <caom2:plane caom2:id="ca83b582-e8a9-4a0c-8fd2-f9c9a216dad2" caom2:metaProducer="jcmtsl2caom2/0.1.0">
      <caom2:productID>scuba_F_9d7_0d1_850um.cov</caom2:productID>
      <caom2:metaRelease>2000-01-01T12:00:00.000</caom2:metaRelease>
      <caom2:dataRelease>2000-01-01T12:00:00.000</caom2:dataRelease>
      <caom2:dataProductType>image</caom2:dataProductType>
      <caom2:calibrationLevel>4</caom2:calibrationLevel>
      <caom2:artifacts>
        <caom2:artifact caom2:id="548cf5b5-08ee-4418-bc61-5206e28d5c28" caom2:metaProducer="jcmtsl2caom2/0.1.0">
          <caom2:uri>cadc:JCMTSL/scuba_F_9d7_0d1_850um.cov.fits</caom2:uri>
          <caom2:productType>weight</caom2:productType>
          <caom2:releaseType>data</caom2:releaseType>
          <caom2:contentType>application/fits</caom2:contentType>
          <caom2:contentLength>1932</caom2:contentLength>
          <caom2:contentChecksum>md5:c9f3b81d4d7f0fe57826d67d304dac54</caom2:contentChecksum>
          <caom2:parts/>
        </caom2:artifact>
      </caom2:artifacts>
    </caom2:plane>
    <caom2:plane caom2:id="93b27c10-20f6-4451-8b7f-c229a0313960" caom2:metaProducer="jcmtsl2caom2/0.1.0">
      <caom2:productID>scuba_F_9d7_0d1_850um.obj</caom2:productID>
      <caom2:metaRelease>2000-01-01T12:00:00.000</caom2:metaRelease>
      <caom2:dataRelease>2000-01-01T12:00:00.000</caom2:dataRelease>
      <caom2:dataProductType>image</caom2:dataProductType>
      <caom2:calibrationLevel>4</caom2:calibrationLevel>
      <caom2:artifacts>
        <caom2:artifact caom2:id="0885619f-d7cf-475f-8644-5b90a6de3705" caom2:metaProducer="jcmtsl2caom2/0.1.0">
          <caom2:uri>cadc:JCMTSL/scuba_F_9d7_0d1_850um.obj.fits</caom2:uri>
          <caom2:productType>auxiliary</caom2:productType>
          <caom2:releaseType>data</caom2:releaseType>
          <caom2:contentType>application/fits</caom2:contentType>
          <caom2:contentLength>2902</caom2:contentLength>
          <caom2:contentChecksum>md5:ff8bbd3356e162efaf5f8f281353613d</caom2:contentChecksum>
          <caom2:parts/>
        </caom2:artifact>
      </caom2:artifacts>
    </caom2:plane>
    <caom2:plane caom2:id="4a1d32fe-9829-44ba-82ba-bc2d61d13643" caom2:metaProducer="jcmtsl2caom2/0.1.0">
      <caom2:productID>scuba_F_9d7_0d1_850um.err</caom2:productID>
      <caom2:metaRelease>2000-01-01T12:00:00.000</caom2:metaRelease>
      <caom2:dataRelease>2000-01-01T12:00:00.000</caom2:dataRelease>
      <caom2:dataProductType>image</caom2:dataProductType>
      <caom2:calibrationLevel>4</caom2:calibrationLevel>
      <caom2:artifacts>
        <caom2:artifact caom2:id="7a63ac63-34ea-4d77-b1a5-cc4092eee8cf" caom2:metaProducer="jcmtsl2caom2/0.1.0">
          <caom2:uri>cadc:JCMTSL/scuba_F_9d7_0d1_850um.err.fits</caom2:uri>
          <caom2:productType>noise</caom2:productType>
          <caom2:releaseType>data</caom2:releaseType>
          <caom2:contentType>application/fits</caom2:contentType>
          <caom2:contentLength>3549</caom2:contentLength>
          <caom2:contentChecksum>md5:b05ff4356080cba1e08aafda7e930483</caom2:contentChecksum>
          <caom2:parts/>
        </caom2:artifact>
      </caom2:artifacts>
    </caom2:plane>
  </caom2:planes>
</caom2:Observation>
