<?xml version='1.0' encoding='UTF-8'?>
<caom2:Observation xmlns:caom2="http://www.opencadc.org/caom2/xml/v2.4" xmlns:xsi="http://www.w3.org/2001/XMLSchema-instance" xsi:type="caom2:DerivedObservation" caom2:id="57668ad7-f76f-427e-a0e7-bd71cafb7741" caom2:metaProducer="jcmtsl2caom2/0.1.0">
  <caom2:collection>JCMTSL</caom2:collection>
  <caom2:observationID>scuba_E_117d7_55d4_850um</caom2:observationID>
  <caom2:algorithm>
    <caom2:name>mapfits</caom2:name>
  </caom2:algorithm>
  <caom2:planes>
    <caom2:plane caom2:id="43419223-b664-422d-a382-3b5b4b624ce6" caom2:metaProducer="jcmtsl2caom2/0.1.0">
      <caom2:productID>scuba_E_117d7_55d4_850um.cov</caom2:productID>
      <caom2:dataProductType>image</caom2:dataProductType>
      <caom2:calibrationLevel>4</caom2:calibrationLevel>
      <caom2:artifacts>
        <caom2:artifact caom2:id="49071f84-3848-4247-ac2e-ba9362e662f3" caom2:metaProducer="jcmtsl2caom2/0.1.0">
          <caom2:uri>cadc:JCMTSL/scuba_E_117d7_55d4_850um.cov.fits</caom2:uri>
          <caom2:productType>weight</caom2:productType>
          <caom2:releaseType>data</caom2:releaseType>
          <caom2:contentType>application/fits</caom2:contentType>
          <caom2:contentLength>1931</caom2:contentLength>
          <caom2:contentChecksum>md5:b0608200485a5660e4371f7a566074b8</caom2:contentChecksum>
          <caom2:parts/>
        </caom2:artifact>
      </caom2:artifacts>
    </caom2:plane>
  </caom2:planes>
</caom2:Observation>
