<?xml version='1.0' encoding='UTF-8'?>
<caom2:Observation xmlns:caom2="http://www.opencadc.org/caom2/xml/v2.4" xmlns:xsi="http://www.w3.org/2001/XMLSchema-instance" xsi:type="caom2:DerivedObservation" caom2:id="5388edc3-0bd8-43d0-bf95-15021c39608f" caom2:metaProducer="jcmtsl2caom2/0.1.0">
  <caom2:collection>JCMTSL</caom2:collection>
  <caom2:observationID>scuba_E_133d7_-0d5_850um</caom2:observationID>
  <caom2:algorithm>
    <caom2:name>mapfits</caom2:name>
  </caom2:algorithm>
  <caom2:planes>
    <caom2:plane caom2:id="297ef1de-e0e4-4a76-8baf-28b6590f0591" caom2:metaProducer="jcmtsl2caom2/0.1.0">
      <caom2:productID>scuba_E_133d7_-0d5_850um.cov</caom2:productID>
      <caom2:dataProductType>image</caom2:dataProductType>
      <caom2:calibrationLevel>4</caom2:calibrationLevel>
      <caom2:artifacts>
        <caom2:artifact caom2:id="ba76b1d5-8fdb-4947-b4f7-52834fdf32e4" caom2:metaProducer="jcmtsl2caom2/0.1.0">
          <caom2:uri>cadc:JCMTSL/scuba_E_133d7_-0d5_850um.cov.fits</caom2:uri>
          <caom2:productType>weight</caom2:productType>
          <caom2:releaseType>data</caom2:releaseType>
          <caom2:contentType>application/fits</caom2:contentType>
          <caom2:contentLength>1931</caom2:contentLength>
          <caom2:contentChecksum>md5:505c95e4fc29a98327ba63f6ca6c8cfd</caom2:contentChecksum>
          <caom2:parts/>
        </caom2:artifact>
      </caom2:artifacts>
    </caom2:plane>
  </caom2:planes>
</caom2:Observation>
