<?xml version='1.0' encoding='UTF-8'?>
<caom2:Observation xmlns:caom2="http://www.opencadc.org/caom2/xml/v2.4" xmlns:xsi="http://www.w3.org/2001/XMLSchema-instance" xsi:type="caom2:DerivedObservation" caom2:id="8b7daf20-7eae-4f8e-9d35-f14b25ecb9bc" caom2:metaProducer="jcmtsl2caom2/0.1.0">
  <caom2:collection>JCMTSL</caom2:collection>
  <caom2:observationID>scuba_F_9d7_0d1_450um</caom2:observationID>
  <caom2:metaRelease>2000-01-01T12:00:00.000</caom2:metaRelease>
  <caom2:algorithm>
    <caom2:name>mapfits</caom2:name>
  </caom2:algorithm>
  <caom2:intent>science</caom2:intent>
  <caom2:target>
    <caom2:name>9d7_0d1</caom2:name>
    <caom2:type>field</caom2:type>
  </caom2:target>
  <caom2:telescope>
    <caom2:name>JCMT</caom2:name>
    <caom2:geoLocationX>-5461075.78</caom2:geoLocationX>
    <caom2:geoLocationY>-2491090.15</caom2:geoLocationY>
    <caom2:geoLocationZ>2149569.763</caom2:geoLocationZ>
  </caom2:telescope>
  <caom2:instrument>
    <caom2:name>SCUBA</caom2:name>
  </caom2:instrument>
  <caom2:planes>
    <caom2:plane caom2:id="dc575683-b775-4ca4-bcd0-42a67c570577" caom2:metaProducer="jcmtsl2caom2/0.1.0">
      <caom2:productID>scuba_F_9d7_0d1_450um.emi</caom2:productID>
      <caom2:metaRelease>2000-01-01T12:00:00.000</caom2:metaRelease>
      <caom2:dataRelease>2000-01-01T12:00:00.000</caom2:dataRelease>
      <caom2:dataProductType>image</caom2:dataProductType>
      <caom2:calibrationLevel>4</caom2:calibrationLevel>
      <caom2:provenance>
        <caom2:name>JCMTSL</caom2:name>
        <caom2:version>1.1 04-Oct-01</caom2:version>
        <caom2:producer>Miriad Fits</caom2:producer>
        <caom2:reference>https://www.cadc-ccda.hia-iha.nrc-cnrc.gc.ca/en/community/scubalegacy/</caom2:reference>
        <caom2:lastExecuted>2007-05-29T12:17:55.000</caom2:lastExecuted>
      </caom2:provenance>
      <caom2:artifacts>
        <caom2:artifact caom2:id="abff5c4d-99a4-40d6-965b-ccb4a5de01d7" caom2:metaProducer="jcmtsl2caom2/0.1.0">
          <caom2:uri>cadc:JCMTSL/scuba_F_9d7_0d1_450um.emi.fits</caom2:uri>
          <caom2:productType>science</caom2:productType>
          <caom2:releaseType>data</caom2:releaseType>
          <caom2:contentType>application/fits</caom2:contentType>
          <caom2:contentLength>4119</caom2:contentLength>
          <caom2:contentChecksum>md5:f2aa617392c42803c6e679ce9c1e3dfb</caom2:contentChecksum>
          <caom2:parts>
            <caom2:part caom2:id="764b6373-a57f-4b7f-98a9-4a4d4735bf42">
              <caom2:name>0</caom2:name>
              <caom2:chunks>
                <caom2:chunk caom2:id="d873ff0d-3988-4211-a5b4-fa8dd5a91b62" caom2:metaProducer="jcmtsl2caom2/0.1.0">
                  <caom2:naxis>2</caom2:naxis>
                  <caom2:positionAxis1>1</caom2:positionAxis1>
                  <caom2:positionAxis2>2</caom2:positionAxis2>
                  <caom2:position>
                    <caom2:axis>
                      <caom2:axis1>
                        <caom2:ctype>RA---TAN</caom2:ctype>
                        <caom2:cunit>deg</caom2:cunit>
                      </caom2:axis1>
                      <caom2:axis2>
                        <caom2:ctype>DEC--TAN</caom2:ctype>
                        <caom2:cunit>deg</caom2:cunit>
                      </caom2:axis2>
                      <caom2:function>
                        <caom2:dimension>
                          <caom2:naxis1>1440</caom2:naxis1>
                          <caom2:naxis2>1440</caom2:naxis2>
                        </caom2:dimension>
                        <caom2:refCoord>
                          <caom2:coord1>
                            <caom2:pix>720.5</caom2:pix>
                            <caom2:val>271.535001097</caom2:val>
                          </caom2:coord1>
                          <caom2:coord2>
                            <caom2:pix>720.5</caom2:pix>
                            <caom2:val>-20.5000000149</caom2:val>
                          </caom2:coord2>
                        </caom2:refCoord>
                        <caom2:cd11>-0.000833333333883</caom2:cd11>
                        <caom2:cd12>0.0</caom2:cd12>
                        <caom2:cd21>0.0</caom2:cd21>
                        <caom2:cd22>0.000833333333883</caom2:cd22>
                      </caom2:function>
                    </caom2:axis>
                    <caom2:coordsys>FK5</caom2:coordsys>
                    <caom2:equinox>2000.0</caom2:equinox>
                    <caom2:resolution>3.0</caom2:resolution>
                  </caom2:position>
                  <caom2:energy>
                    <caom2:axis>
                      <caom2:axis>
                        <caom2:ctype>WAVE</caom2:ctype>
                        <caom2:cunit>um</caom2:cunit>
                      </caom2:axis>
                      <caom2:range>
                        <caom2:start>
                          <caom2:pix>0.5</caom2:pix>
                          <caom2:val>444.5</caom2:val>
                        </caom2:start>
                        <caom2:end>
                          <caom2:pix>1.5</caom2:pix>
                          <caom2:val>455.5</caom2:val>
                        </caom2:end>
                      </caom2:range>
                    </caom2:axis>
                    <caom2:specsys>BARYCENT</caom2:specsys>
                    <caom2:ssysobs>TOPOCENT</caom2:ssysobs>
                    <caom2:ssyssrc>TOPOCENT</caom2:ssyssrc>
                    <caom2:bandpassName>450um</caom2:bandpassName>
                  </caom2:energy>
                </caom2:chunk>
              </caom2:chunks>
            </caom2:part>
          </caom2:parts>
        </caom2:artifact>
      </caom2:artifacts>
    </caom2:plane>
    <caom2:plane caom2:id="ee254a61-41a1-47ba-adcf-a2f74acb039f" caom2:metaProducer="jcmtsl2caom2/0.1.0">
      <caom2:productID>scuba_F_9d7_0d1_450um.err</caom2:productID>
      <caom2:metaRelease>2000-01-01T12:00:00.000</caom2:metaRelease>
      <caom2:dataRelease>2000-01-01T12:00:00.000</caom2:dataRelease>
      <caom2:dataProductType>image</caom2:dataProductType>
      <caom2:calibrationLevel>4</caom2:calibrationLevel>
      <caom2:artifacts>
        <caom2:artifact caom2:id="a116782e-a9c7-4397-8318-64ace2a28e30" caom2:metaProducer="jcmtsl2caom2/0.1.0">
          <caom2:uri>cadc:JCMTSL/scuba_F_9d7_0d1_450um.err.fits</caom2:uri>
          <caom2:productType>noise</caom2:productType>
          <caom2:releaseType>data</caom2:releaseType>
          <caom2:contentType>application/fits</caom2:contentType>
          <caom2:contentLength>3549</caom2:contentLength>
          <caom2:contentChecksum>md5:475ba75714263b645450f0072cde15c6</caom2:contentChecksum>
          <caom2:parts/>
        </caom2:artifact>
      </caom2:artifacts>
    </caom2:plane>
  </caom2:planes>
</caom2:Observation>
