<?xml version='1.0' encoding='UTF-8'?>
<caom2:Observation xmlns:caom2="http://www.opencadc.org/caom2/xml/v2.4" xmlns:xsi="http://www.w3.org/2001/XMLSchema-instance" xsi:type="caom2:DerivedObservation" caom2:id="22e268a7-a9eb-4414-ab7a-b39f0bf54935" caom2:metaProducer="jcmtsl2caom2/0.1.0">
  <caom2:collection>JCMTSL</caom2:collection>
  <caom2:observationID>scuba_F_217d0_-1d9_450um</caom2:observationID>
  <caom2:metaRelease>2000-01-01T12:00:00.000</caom2:metaRelease>
  <caom2:algorithm>
    <caom2:name>mapfits</caom2:name>
  </caom2:algorithm>
  <caom2:intent>science</caom2:intent>
  <caom2:target>
    <caom2:name>217d0_-1d9</caom2:name>
    <caom2:type>field</caom2:type>
  </caom2:target>
  <caom2:telescope>
    <caom2:name>JCMT</caom2:name>
    <caom2:geoLocationX>-5461075.78</caom2:geoLocationX>
    <caom2:geoLocationY>-2491090.15</caom2:geoLocationY>
    <caom2:geoLocationZ>2149569.763</caom2:geoLocationZ>
  </caom2:telescope>
  <caom2:instrument>
    <caom2:name>SCUBA</caom2:name>
  </caom2:instrument>
  <caom2:planes>
    <caom2:plane caom2:id="6a3cbffd-3933-47e9-a1d1-93fc0a6f97a8" caom2:metaProducer="jcmtsl2caom2/0.1.0">
      <caom2:productID>scuba_F_217d0_-1d9_450um.emi</caom2:productID>
      <caom2:metaRelease>2000-01-01T12:00:00.000</caom2:metaRelease>
      <caom2:dataRelease>2000-01-01T12:00:00.000</caom2:dataRelease>
      <caom2:dataProductType>image</caom2:dataProductType>
      <caom2:calibrationLevel>4</caom2:calibrationLevel>
      <caom2:provenance>
        <caom2:name>JCMTSL</caom2:name>
        <caom2:version>1.1 04-Oct-01</caom2:version>
        <caom2:producer>Miriad Fits</caom2:producer>
        <caom2:reference>https://www.cadc-ccda.hia-iha.nrc-cnrc.gc.ca/en/community/scubalegacy/</caom2:reference>
        <caom2:lastExecuted>2007-05-29T12:01:19.000</caom2:lastExecuted>
      </caom2:provenance>
      <caom2:artifacts>
        <caom2:artifact caom2:id="effd415a-0727-4055-981f-43ca9936bff4" caom2:metaProducer="jcmtsl2caom2/0.1.0">
          <caom2:uri>cadc:JCMTSL/scuba_F_217d0_-1d9_450um.emi.fits</caom2:uri>
          <caom2:productType>science</caom2:productType>
          <caom2:releaseType>data</caom2:releaseType>
          <caom2:contentType>application/fits</caom2:contentType>
          <caom2:contentLength>4122</caom2:contentLength>
          <caom2:contentChecksum>md5:51999072e8baff8370c1e4623f34f17e</caom2:contentChecksum>
          <caom2:parts>
            <caom2:part caom2:id="52fb2891-e1e6-4d3e-b10e-71f876f8b10a">
              <caom2:name>0</caom2:name>
              <caom2:chunks>
                <caom2:chunk caom2:id="4050adf4-11e4-48a4-9450-da67e5586818" caom2:metaProducer="jcmtsl2caom2/0.1.0">
                  <caom2:naxis>2</caom2:naxis>
                  <caom2:positionAxis1>1</caom2:positionAxis1>
                  <caom2:positionAxis2>2</caom2:positionAxis2>
                  <caom2:position>
                    <caom2:axis>
                      <caom2:axis1>
                        <caom2:ctype>RA---TAN</caom2:ctype>
                        <caom2:cunit>deg</caom2:cunit>
                      </caom2:axis1>
                      <caom2:axis2>
                        <caom2:ctype>DEC--TAN</caom2:ctype>
                        <caom2:cunit>deg</caom2:cunit>
                      </caom2:axis2>
                      <caom2:function>
                        <caom2:dimension>
                          <caom2:naxis1>1440</caom2:naxis1>
                          <caom2:naxis2>1440</caom2:naxis2>
                        </caom2:dimension>
                        <caom2:refCoord>
                          <caom2:coord1>
                            <caom2:pix>720.5</caom2:pix>
                            <caom2:val>102.892000101</caom2:val>
                          </caom2:coord1>
                          <caom2:coord2>
                            <caom2:pix>720.5</caom2:pix>
                            <caom2:val>-4.50000000745</caom2:val>
                          </caom2:coord2>
                        </caom2:refCoord>
                        <caom2:cd11>-0.000833333333883</caom2:cd11>
                        <caom2:cd12>0.0</caom2:cd12>
                        <caom2:cd21>0.0</caom2:cd21>
                        <caom2:cd22>0.000833333333883</caom2:cd22>
                      </caom2:function>
                    </caom2:axis>
                    <caom2:coordsys>FK5</caom2:coordsys>
                    <caom2:equinox>2000.0</caom2:equinox>
                    <caom2:resolution>3.0</caom2:resolution>
                  </caom2:position>
                  <caom2:energy>
                    <caom2:axis>
                      <caom2:axis>
                        <caom2:ctype>WAVE</caom2:ctype>
                        <caom2:cunit>um</caom2:cunit>
                      </caom2:axis>
                      <caom2:range>
                        <caom2:start>
                          <caom2:pix>0.5</caom2:pix>
                          <caom2:val>444.5</caom2:val>
                        </caom2:start>
                        <caom2:end>
                          <caom2:pix>1.5</caom2:pix>
                          <caom2:val>455.5</caom2:val>
                        </caom2:end>
                      </caom2:range>
                    </caom2:axis>
                    <caom2:specsys>BARYCENT</caom2:specsys>
                    <caom2:ssysobs>TOPOCENT</caom2:ssysobs>
                    <caom2:ssyssrc>TOPOCENT</caom2:ssyssrc>
                    <caom2:bandpassName>450um</caom2:bandpassName>
                  </caom2:energy>
                </caom2:chunk>
              </caom2:chunks>
            </caom2:part>
          </caom2:parts>
        </caom2:artifact>
      </caom2:artifacts>
    </caom2:plane>
    <caom2:plane caom2:id="9cd47732-468b-4fe6-aa3e-a29f94e06d4f" caom2:metaProducer="jcmtsl2caom2/0.1.0">
      <caom2:productID>scuba_F_217d0_-1d9_450um.err</caom2:productID>
      <caom2:metaRelease>2000-01-01T12:00:00.000</caom2:metaRelease>
      <caom2:dataRelease>2000-01-01T12:00:00.000</caom2:dataRelease>
      <caom2:dataProductType>image</caom2:dataProductType>
      <caom2:calibrationLevel>4</caom2:calibrationLevel>
      <caom2:artifacts>
        <caom2:artifact caom2:id="ae1c010b-3b43-4831-89a8-5f01059daac2" caom2:metaProducer="jcmtsl2caom2/0.1.0">
          <caom2:uri>cadc:JCMTSL/scuba_F_217d0_-1d9_450um.err.fits</caom2:uri>
          <caom2:productType>noise</caom2:productType>
          <caom2:releaseType>data</caom2:releaseType>
          <caom2:contentType>application/fits</caom2:contentType>
          <caom2:contentLength>3552</caom2:contentLength>
          <caom2:contentChecksum>md5:05ae1f48a7e3b21c8d83f0bfa44d42d2</caom2:contentChecksum>
          <caom2:parts/>
        </caom2:artifact>
      </caom2:artifacts>
    </caom2:plane>
  </caom2:planes>
</caom2:Observation>
