<?xml version='1.0' encoding='UTF-8'?>
<caom2:Observation xmlns:caom2="http://www.opencadc.org/caom2/xml/v2.4" xmlns:xsi="http://www.w3.org/2001/XMLSchema-instance" xsi:type="caom2:DerivedObservation" caom2:id="c4bceb5d-b402-4d65-9b8a-14e24cd79ac3">
  <caom2:collection>JCMTSL</caom2:collection>
  <caom2:observationID>scuba_F_0d2_-17d3_850um</caom2:observationID>
  <caom2:algorithm>
    <caom2:name>mapfits</caom2:name>
  </caom2:algorithm>
  <caom2:planes>
    <caom2:plane caom2:id="9caa5554-440e-4362-977d-83b8024a8dfd">
      <caom2:productID>scuba_F_0d2_-17d3_850um.obj</caom2:productID>
      <caom2:dataProductType>image</caom2:dataProductType>
      <caom2:calibrationLevel>4</caom2:calibrationLevel>
      <caom2:artifacts>
        <caom2:artifact caom2:id="53305d32-4609-4e3c-9e19-5f66b0e04c8e">
          <caom2:uri>cadc:JCMTSL/scuba_F_0d2_-17d3_850um.obj.fits</caom2:uri>
          <caom2:productType>auxiliary</caom2:productType>
          <caom2:releaseType>data</caom2:releaseType>
          <caom2:contentType>application/fits</caom2:contentType>
          <caom2:contentLength>2904</caom2:contentLength>
          <caom2:contentChecksum>md5:409c87b1879bd372fdceba32867a0b28</caom2:contentChecksum>
          <caom2:parts/>
        </caom2:artifact>
      </caom2:artifacts>
    </caom2:plane>
  </caom2:planes>
</caom2:Observation>
