<?xml version='1.0' encoding='UTF-8'?>
<caom2:Observation xmlns:caom2="http://www.opencadc.org/caom2/xml/v2.4" xmlns:xsi="http://www.w3.org/2001/XMLSchema-instance" xsi:type="caom2:DerivedObservation" caom2:id="a07361f2-e288-447c-9d9f-2309fe2ebd07">
  <caom2:collection>JCMTSL</caom2:collection>
  <caom2:observationID>scuba_F_9d7_0d1_850um</caom2:observationID>
  <caom2:algorithm>
    <caom2:name>mapfits</caom2:name>
  </caom2:algorithm>
  <caom2:planes>
    <caom2:plane caom2:id="0f270932-12ec-4628-9b68-d3edc02e44b9">
      <caom2:productID>scuba_F_9d7_0d1_850um.obj</caom2:productID>
      <caom2:dataProductType>image</caom2:dataProductType>
      <caom2:calibrationLevel>4</caom2:calibrationLevel>
      <caom2:artifacts>
        <caom2:artifact caom2:id="7734d753-6069-4f9e-a801-a42497a510b2">
          <caom2:uri>cadc:JCMTSL/scuba_F_9d7_0d1_850um.obj.fits</caom2:uri>
          <caom2:productType>auxiliary</caom2:productType>
          <caom2:releaseType>data</caom2:releaseType>
          <caom2:contentType>application/fits</caom2:contentType>
          <caom2:contentLength>2902</caom2:contentLength>
          <caom2:contentChecksum>md5:ff8bbd3356e162efaf5f8f281353613d</caom2:contentChecksum>
          <caom2:parts/>
        </caom2:artifact>
      </caom2:artifacts>
    </caom2:plane>
  </caom2:planes>
</caom2:Observation>
