<?xml version='1.0' encoding='UTF-8'?>
<caom2:Observation xmlns:caom2="http://www.opencadc.org/caom2/xml/v2.4" xmlns:xsi="http://www.w3.org/2001/XMLSchema-instance" xsi:type="caom2:DerivedObservation" caom2:id="99a629e0-a060-420a-894e-0c5677ddb73c">
  <caom2:collection>JCMTSL</caom2:collection>
  <caom2:observationID>scuba_E_9d7_0d1_850um</caom2:observationID>
  <caom2:algorithm>
    <caom2:name>mapfits</caom2:name>
  </caom2:algorithm>
  <caom2:planes>
    <caom2:plane caom2:id="cb41c142-51fa-4bcc-9e02-4141bf384628">
      <caom2:productID>scuba_E_9d7_0d1_850um.err</caom2:productID>
      <caom2:dataProductType>image</caom2:dataProductType>
      <caom2:calibrationLevel>4</caom2:calibrationLevel>
      <caom2:artifacts>
        <caom2:artifact caom2:id="7671e887-8128-412c-92c1-3dc012874a9b">
          <caom2:uri>cadc:JCMTSL/scuba_E_9d7_0d1_850um.err.fits</caom2:uri>
          <caom2:productType>noise</caom2:productType>
          <caom2:releaseType>data</caom2:releaseType>
          <caom2:contentType>application/fits</caom2:contentType>
          <caom2:contentLength>3546</caom2:contentLength>
          <caom2:contentChecksum>md5:7e39055bcee4986c0d0733e0524b86df</caom2:contentChecksum>
          <caom2:parts/>
        </caom2:artifact>
      </caom2:artifacts>
    </caom2:plane>
  </caom2:planes>
</caom2:Observation>
