<?xml version='1.0' encoding='UTF-8'?>
<caom2:Observation xmlns:caom2="http://www.opencadc.org/caom2/xml/v2.4" xmlns:xsi="http://www.w3.org/2001/XMLSchema-instance" xsi:type="caom2:DerivedObservation" caom2:id="434ac36d-f3b5-4dd8-adfa-ca5410e06361">
  <caom2:collection>JCMTSL</caom2:collection>
  <caom2:observationID>scuba_E_0d0_4d5_850um</caom2:observationID>
  <caom2:algorithm>
    <caom2:name>mapfits</caom2:name>
  </caom2:algorithm>
  <caom2:planes>
    <caom2:plane caom2:id="6aba2670-d9a6-4d87-a12e-e25307e46d06">
      <caom2:productID>scuba_E_0d0_4d5_850um.err</caom2:productID>
      <caom2:dataProductType>image</caom2:dataProductType>
      <caom2:calibrationLevel>4</caom2:calibrationLevel>
      <caom2:artifacts>
        <caom2:artifact caom2:id="8a6b0141-e5ef-43b5-9fe2-8937e2a490e7">
          <caom2:uri>cadc:JCMTSL/scuba_E_0d0_4d5_850um.err.fits</caom2:uri>
          <caom2:productType>noise</caom2:productType>
          <caom2:releaseType>data</caom2:releaseType>
          <caom2:contentType>application/fits</caom2:contentType>
          <caom2:contentLength>3546</caom2:contentLength>
          <caom2:contentChecksum>md5:b72600d00e48f3947ac8a12f1b70bf50</caom2:contentChecksum>
          <caom2:parts/>
        </caom2:artifact>
      </caom2:artifacts>
    </caom2:plane>
  </caom2:planes>
</caom2:Observation>
