<?xml version='1.0' encoding='UTF-8'?>
<caom2:Observation xmlns:caom2="http://www.opencadc.org/caom2/xml/v2.4" xmlns:xsi="http://www.w3.org/2001/XMLSchema-instance" xsi:type="caom2:DerivedObservation" caom2:id="1904c903-2ac2-4b92-942f-1c6a583e07e3">
  <caom2:collection>JCMTSL</caom2:collection>
  <caom2:observationID>scuba_E_85d1_-1d8_850um</caom2:observationID>
  <caom2:algorithm>
    <caom2:name>mapfits</caom2:name>
  </caom2:algorithm>
  <caom2:planes>
    <caom2:plane caom2:id="10f1f88b-7341-4134-a36d-bf5f9a167f55">
      <caom2:productID>scuba_E_85d1_-1d8_850um.err</caom2:productID>
      <caom2:dataProductType>image</caom2:dataProductType>
      <caom2:calibrationLevel>4</caom2:calibrationLevel>
      <caom2:artifacts>
        <caom2:artifact caom2:id="7a0ff77a-e19f-41fc-9971-70b37c9c1097">
          <caom2:uri>cadc:JCMTSL/scuba_E_85d1_-1d8_850um.err.fits</caom2:uri>
          <caom2:productType>noise</caom2:productType>
          <caom2:releaseType>data</caom2:releaseType>
          <caom2:contentType>application/fits</caom2:contentType>
          <caom2:contentLength>3548</caom2:contentLength>
          <caom2:contentChecksum>md5:2082560ea33a07b8a0b6ac7e7f2f6695</caom2:contentChecksum>
          <caom2:parts/>
        </caom2:artifact>
      </caom2:artifacts>
    </caom2:plane>
  </caom2:planes>
</caom2:Observation>
