<?xml version='1.0' encoding='UTF-8'?>
<caom2:Observation xmlns:caom2="http://www.opencadc.org/caom2/xml/v2.4" xmlns:xsi="http://www.w3.org/2001/XMLSchema-instance" xsi:type="caom2:DerivedObservation" caom2:id="ec411cd3-74d8-42e5-95bf-760a0961bc65">
  <caom2:collection>JCMTSL</caom2:collection>
  <caom2:observationID>scuba_F_217d0_-1d9_450um</caom2:observationID>
  <caom2:algorithm>
    <caom2:name>mapfits</caom2:name>
  </caom2:algorithm>
  <caom2:planes>
    <caom2:plane caom2:id="b6c47ae2-1290-431f-9933-d59814329a22">
      <caom2:productID>scuba_F_217d0_-1d9_450um.err</caom2:productID>
      <caom2:dataProductType>image</caom2:dataProductType>
      <caom2:calibrationLevel>4</caom2:calibrationLevel>
      <caom2:artifacts>
        <caom2:artifact caom2:id="fa8e3768-f8bc-4e6c-a0c9-e5f9f437b92a">
          <caom2:uri>cadc:JCMTSL/scuba_F_217d0_-1d9_450um.err.fits</caom2:uri>
          <caom2:productType>noise</caom2:productType>
          <caom2:releaseType>data</caom2:releaseType>
          <caom2:contentType>application/fits</caom2:contentType>
          <caom2:contentLength>3552</caom2:contentLength>
          <caom2:contentChecksum>md5:05ae1f48a7e3b21c8d83f0bfa44d42d2</caom2:contentChecksum>
          <caom2:parts/>
        </caom2:artifact>
      </caom2:artifacts>
    </caom2:plane>
  </caom2:planes>
</caom2:Observation>
