<?xml version='1.0' encoding='UTF-8'?>
<caom2:Observation xmlns:caom2="http://www.opencadc.org/caom2/xml/v2.4" xmlns:xsi="http://www.w3.org/2001/XMLSchema-instance" xsi:type="caom2:DerivedObservation" caom2:id="f06cd4ab-f6f6-427e-b189-408a7160a5ff">
  <caom2:collection>JCMTSL</caom2:collection>
  <caom2:observationID>scuba_F_210d0_-36d4_850um</caom2:observationID>
  <caom2:algorithm>
    <caom2:name>mapfits</caom2:name>
  </caom2:algorithm>
  <caom2:planes>
    <caom2:plane caom2:id="65fc60b0-c62b-44a2-aa1b-07163212e5e8">
      <caom2:productID>scuba_F_210d0_-36d4_850um.err</caom2:productID>
      <caom2:dataProductType>image</caom2:dataProductType>
      <caom2:calibrationLevel>4</caom2:calibrationLevel>
      <caom2:artifacts>
        <caom2:artifact caom2:id="7b4a7407-923b-4e16-b355-085e61fbe786">
          <caom2:uri>cadc:JCMTSL/scuba_F_210d0_-36d4_850um.err.fits</caom2:uri>
          <caom2:productType>noise</caom2:productType>
          <caom2:releaseType>data</caom2:releaseType>
          <caom2:contentType>application/fits</caom2:contentType>
          <caom2:contentLength>3553</caom2:contentLength>
          <caom2:contentChecksum>md5:202d8a9fca41c264ea5b5fb833f3f261</caom2:contentChecksum>
          <caom2:parts/>
        </caom2:artifact>
      </caom2:artifacts>
    </caom2:plane>
  </caom2:planes>
</caom2:Observation>
