<?xml version='1.0' encoding='UTF-8'?>
<caom2:Observation xmlns:caom2="http://www.opencadc.org/caom2/xml/v2.4" xmlns:xsi="http://www.w3.org/2001/XMLSchema-instance" xsi:type="caom2:DerivedObservation" caom2:id="8189940f-01a6-4d11-8f7a-4297f184dbaf">
  <caom2:collection>JCMTSL</caom2:collection>
  <caom2:observationID>scuba_F_0d0_4d5_450um</caom2:observationID>
  <caom2:algorithm>
    <caom2:name>mapfits</caom2:name>
  </caom2:algorithm>
  <caom2:planes>
    <caom2:plane caom2:id="c7b1fd62-716e-4c38-95e9-8fa7fbffc0f5">
      <caom2:productID>scuba_F_0d0_4d5_450um.err</caom2:productID>
      <caom2:dataProductType>image</caom2:dataProductType>
      <caom2:calibrationLevel>4</caom2:calibrationLevel>
      <caom2:artifacts>
        <caom2:artifact caom2:id="6869d431-f44e-4e2f-be73-97b20ae89134">
          <caom2:uri>cadc:JCMTSL/scuba_F_0d0_4d5_450um.err.fits</caom2:uri>
          <caom2:productType>noise</caom2:productType>
          <caom2:releaseType>data</caom2:releaseType>
          <caom2:contentType>application/fits</caom2:contentType>
          <caom2:contentLength>3549</caom2:contentLength>
          <caom2:contentChecksum>md5:218ee9b2a09d6657cfdc1611c6426373</caom2:contentChecksum>
          <caom2:parts/>
        </caom2:artifact>
      </caom2:artifacts>
    </caom2:plane>
  </caom2:planes>
</caom2:Observation>
