<?xml version='1.0' encoding='UTF-8'?>
<caom2:Observation xmlns:caom2="http://www.opencadc.org/caom2/xml/v2.4" xmlns:xsi="http://www.w3.org/2001/XMLSchema-instance" xsi:type="caom2:DerivedObservation" caom2:id="0cd32f7d-d78e-4b47-91a7-9aef0b4d3f7e">
  <caom2:collection>JCMTSL</caom2:collection>
  <caom2:observationID>scuba_F_9d7_0d1_850um</caom2:observationID>
  <caom2:algorithm>
    <caom2:name>mapfits</caom2:name>
  </caom2:algorithm>
  <caom2:planes>
    <caom2:plane caom2:id="ea0f6301-1c6b-4b87-ac19-e64c0202d862">
      <caom2:productID>scuba_F_9d7_0d1_850um.err</caom2:productID>
      <caom2:dataProductType>image</caom2:dataProductType>
      <caom2:calibrationLevel>4</caom2:calibrationLevel>
      <caom2:artifacts>
        <caom2:artifact caom2:id="f1d3b897-0477-44cd-9672-c17cce653148">
          <caom2:uri>cadc:JCMTSL/scuba_F_9d7_0d1_850um.err.fits</caom2:uri>
          <caom2:productType>noise</caom2:productType>
          <caom2:releaseType>data</caom2:releaseType>
          <caom2:contentType>application/fits</caom2:contentType>
          <caom2:contentLength>3549</caom2:contentLength>
          <caom2:contentChecksum>md5:b05ff4356080cba1e08aafda7e930483</caom2:contentChecksum>
          <caom2:parts/>
        </caom2:artifact>
      </caom2:artifacts>
    </caom2:plane>
  </caom2:planes>
</caom2:Observation>
