<?xml version='1.0' encoding='UTF-8'?>
<caom2:Observation xmlns:caom2="http://www.opencadc.org/caom2/xml/v2.4" xmlns:xsi="http://www.w3.org/2001/XMLSchema-instance" xsi:type="caom2:DerivedObservation" caom2:id="75095bda-7a48-4392-97ea-19ab94871a5c">
  <caom2:collection>JCMTSL</caom2:collection>
  <caom2:observationID>scuba_E_222d5_-2d3_850um</caom2:observationID>
  <caom2:algorithm>
    <caom2:name>mapfits</caom2:name>
  </caom2:algorithm>
  <caom2:planes>
    <caom2:plane caom2:id="dd8ec782-3baf-402b-a60c-12300e03549b">
      <caom2:productID>scuba_E_222d5_-2d3_850um.obj</caom2:productID>
      <caom2:dataProductType>image</caom2:dataProductType>
      <caom2:calibrationLevel>4</caom2:calibrationLevel>
      <caom2:artifacts>
        <caom2:artifact caom2:id="525a1b82-249a-4869-8669-15a6f72804a3">
          <caom2:uri>cadc:JCMTSL/scuba_E_222d5_-2d3_850um.obj.fits</caom2:uri>
          <caom2:productType>auxiliary</caom2:productType>
          <caom2:releaseType>data</caom2:releaseType>
          <caom2:contentType>application/fits</caom2:contentType>
          <caom2:contentLength>2902</caom2:contentLength>
          <caom2:contentChecksum>md5:6515d55bf47b5676d59283b79b8c7227</caom2:contentChecksum>
          <caom2:parts/>
        </caom2:artifact>
      </caom2:artifacts>
    </caom2:plane>
  </caom2:planes>
</caom2:Observation>
