<?xml version='1.0' encoding='UTF-8'?>
<caom2:Observation xmlns:caom2="http://www.opencadc.org/caom2/xml/v2.4" xmlns:xsi="http://www.w3.org/2001/XMLSchema-instance" xsi:type="caom2:DerivedObservation" caom2:id="ca046006-042c-4092-8a76-71dc1d2d9bac">
  <caom2:collection>JCMTSL</caom2:collection>
  <caom2:observationID>scuba_E_9d7_0d1_850um</caom2:observationID>
  <caom2:algorithm>
    <caom2:name>mapfits</caom2:name>
  </caom2:algorithm>
  <caom2:planes>
    <caom2:plane caom2:id="ac405657-8ca5-44b4-8fce-0366f8a28576">
      <caom2:productID>scuba_E_9d7_0d1_850um.obj</caom2:productID>
      <caom2:dataProductType>image</caom2:dataProductType>
      <caom2:calibrationLevel>4</caom2:calibrationLevel>
      <caom2:artifacts>
        <caom2:artifact caom2:id="2bc492fb-11b8-4881-af2a-e8fd426cc691">
          <caom2:uri>cadc:JCMTSL/scuba_E_9d7_0d1_850um.obj.fits</caom2:uri>
          <caom2:productType>auxiliary</caom2:productType>
          <caom2:releaseType>data</caom2:releaseType>
          <caom2:contentType>application/fits</caom2:contentType>
          <caom2:contentLength>2899</caom2:contentLength>
          <caom2:contentChecksum>md5:7fe4829670a11d0c0f7912bb956bcd43</caom2:contentChecksum>
          <caom2:parts/>
        </caom2:artifact>
      </caom2:artifacts>
    </caom2:plane>
  </caom2:planes>
</caom2:Observation>
