<?xml version='1.0' encoding='UTF-8'?>
<caom2:Observation xmlns:caom2="http://www.opencadc.org/caom2/xml/v2.4" xmlns:xsi="http://www.w3.org/2001/XMLSchema-instance" xsi:type="caom2:DerivedObservation" caom2:id="1e1587cb-be48-4b7b-afb6-f8360f827112">
  <caom2:collection>JCMTSL</caom2:collection>
  <caom2:observationID>scuba_E_0d2_-17d3_850um</caom2:observationID>
  <caom2:algorithm>
    <caom2:name>mapfits</caom2:name>
  </caom2:algorithm>
  <caom2:planes>
    <caom2:plane caom2:id="23fedf56-a253-4d1f-a16b-0b81db862a82">
      <caom2:productID>scuba_E_0d2_-17d3_850um.obj</caom2:productID>
      <caom2:dataProductType>image</caom2:dataProductType>
      <caom2:calibrationLevel>4</caom2:calibrationLevel>
      <caom2:artifacts>
        <caom2:artifact caom2:id="1c5741eb-b413-438c-968d-26888e964110">
          <caom2:uri>cadc:JCMTSL/scuba_E_0d2_-17d3_850um.obj.fits</caom2:uri>
          <caom2:productType>auxiliary</caom2:productType>
          <caom2:releaseType>data</caom2:releaseType>
          <caom2:contentType>application/fits</caom2:contentType>
          <caom2:contentLength>2901</caom2:contentLength>
          <caom2:contentChecksum>md5:0c14d21a36831cfbefb0f6fba50b1c78</caom2:contentChecksum>
          <caom2:parts/>
        </caom2:artifact>
      </caom2:artifacts>
    </caom2:plane>
  </caom2:planes>
</caom2:Observation>
